// Jest Snapshot v1, https://goo.gl/fbAQLP

exports[`<Main /> should render the heading 1`] = `
.c0 {
  background-color: #ce2024;
  color: #fff;
  width: 100%;
  padding: 5rem;
  text-align: center;
  display: -webkit-box;
  display: -webkit-flex;
  display: -ms-flexbox;
  display: flex;
  -webkit-flex-direction: column;
  -ms-flex-direction: column;
  flex-direction: column;
  -webkit-align-items: center;
  -webkit-box-align: center;
  -ms-flex-align: center;
  align-items: center;
  -webkit-box-pack: justify;
  -webkit-justify-content: space-between;
  -ms-flex-pack: justify;
  justify-content: space-between;
}

.c1 {
  width: min(50rem,100%);
}

.c3 {
  width: min(35rem,100%);
}

.c5 {
  margin-top: 1rem;
  width: min(35rem,100%);
  border-radius: 5%;
}

.c2 {
  display: inline-block;
  vertical-align: top;
  -webkit-animation: zoom-in-zoom-out 1s ease infinite;
  animation: zoom-in-zoom-out 1s ease infinite;
}

.c4 {
  border-radius: 1rem;
}

<div
  class="c0"
>
  <img
    alt="Uma caixa de som do lado esquerdo e uma bandeira anarquista do lado direito."
    class="c1"
    src="/img/header-arruaca.png"
  />
  <div
    class="c2"
  >
    <img
      alt="Texto estilizado escrito GRAVE GERAL."
      class="c3"
      src="/img/gravegeral-arruaça.png"
    />
  </div>
  <div
    class="c4"
  >
    <img
      alt="QrCode divulgação."
      class="c5"
      src="/img/qrcode-arruaca.jpeg"
    />
  </div>
</div>
`
